// Jest Snapshot v1, https://goo.gl/fbAQLP

exports[`Auth Page renders correctly 1`] = `
<div
  data-testid="auth-provider"
>
  <div
    class="min-h-screen bg-linear-to-b from-brand-900 via-brand-800 to-slate-900 flex items-center justify-center px-4"
  >
    <div
      class="rounded-lg border text-card-foreground shadow-sm bg-gradient-to-br w-full max-w-md bg-linear-to-br from-brand-800/40 to-slate-800/40 border-brand-500/30 backdrop-blur-xs"
    >
      <div
        class="flex flex-col space-y-1.5 p-6 text-center"
      >
        <div
          class="flex items-center justify-center gap-2 mb-4"
        >
          <svg
            aria-hidden="true"
            class="lucide lucide-sparkles w-8 h-8 text-yellow-400"
            fill="none"
            height="24"
            stroke="currentColor"
            stroke-linecap="round"
            stroke-linejoin="round"
            stroke-width="2"
            viewBox="0 0 24 24"
            width="24"
            xmlns="http://www.w3.org/2000/svg"
          >
            <path
              d="M9.937 15.5A2 2 0 0 0 8.5 14.063l-6.135-1.582a.5.5 0 0 1 0-.962L8.5 9.936A2 2 0 0 0 9.937 8.5l1.582-6.135a.5.5 0 0 1 .963 0L14.063 8.5A2 2 0 0 0 15.5 9.937l6.135 1.581a.5.5 0 0 1 0 .964L15.5 14.063a2 2 0 0 0-1.437 1.437l-1.582 6.135a.5.5 0 0 1-.963 0z"
            />
            <path
              d="M20 3v4"
            />
            <path
              d="M22 5h-4"
            />
            <path
              d="M4 17v2"
            />
            <path
              d="M5 18H3"
            />
          </svg>
          <span
            class="text-2xl font-bold text-white"
          >
            Daggerheart Tools
          </span>
        </div>
        <h3
          class="font-semibold tracking-tight text-white text-2xl"
        >
          Welcome Back
        </h3>
        <p
          class="text-sm text-brand-200"
        >
          Sign in to access your characters and campaigns
        </p>
      </div>
      <div
        class="p-6 pt-0 space-y-6"
      >
        <form
          class="space-y-4"
        >
          <div
            style="display: none;"
          >
            <label
              class="text-sm font-medium leading-none peer-disabled:cursor-not-allowed peer-disabled:opacity-70"
              for="website"
            >
              Website (leave blank)
            </label>
            <input
              autocomplete="off"
              class="flex h-10 w-full rounded-md border border-input bg-background px-3 py-2 text-base ring-offset-background file:border-0 file:bg-transparent file:text-sm file:font-medium file:text-foreground placeholder:text-muted-foreground focus-visible:outline-hidden disabled:cursor-not-allowed disabled:opacity-50 focus-visible:border-2 focus-visible:border-white md:text-sm"
              id="website"
              tabindex="-1"
              type="text"
              value=""
            />
          </div>
          <div
            class="space-y-2"
          >
            <label
              class="text-sm font-medium leading-none peer-disabled:cursor-not-allowed peer-disabled:opacity-70 text-white"
              for="email"
            >
              Email
            </label>
            <input
              class="flex h-10 w-full rounded-md border px-3 py-2 text-base ring-offset-background file:border-0 file:bg-transparent file:text-sm file:font-medium file:text-foreground placeholder:text-muted-foreground focus-visible:outline-hidden disabled:cursor-not-allowed disabled:opacity-50 focus-visible:border-2 focus-visible:border-white md:text-sm bg-slate-800/50 border-brand-500/50 text-white"
              id="email"
              placeholder="Enter your email"
              required=""
              type="email"
              value=""
            />
          </div>
          <div
            class="space-y-2"
          >
            <label
              class="text-sm font-medium leading-none peer-disabled:cursor-not-allowed peer-disabled:opacity-70 text-white"
              for="password"
            >
              Password
            </label>
            <input
              class="flex h-10 w-full rounded-md border px-3 py-2 text-base ring-offset-background file:border-0 file:bg-transparent file:text-sm file:font-medium file:text-foreground placeholder:text-muted-foreground focus-visible:outline-hidden disabled:cursor-not-allowed disabled:opacity-50 focus-visible:border-2 focus-visible:border-white md:text-sm bg-slate-800/50 border-brand-500/50 text-white"
              id="password"
              placeholder="Enter your password"
              required=""
              type="password"
              value=""
            />
          </div>
          <button
            class="inline-flex items-center justify-center gap-2 whitespace-nowrap rounded-md text-sm ring-offset-background transition-colors duration-300 ease-in-out focus-visible:outline-hidden focus-visible:ring-2 focus-visible:ring-ring focus-visible:ring-offset-2 disabled:pointer-events-none disabled:opacity-50 [&_svg]:pointer-events-none [&_svg]:size-4 [&_svg]:shrink-0 h-10 px-4 py-2 w-full bg-yellow-500 hover:bg-yellow-600 text-black font-semibold"
            type="submit"
          >
            Sign In
          </button>
        </form>
        <div
          class="shrink-0 h-px w-full bg-brand-500/30"
          data-orientation="horizontal"
          role="none"
        />
        <div
          class="text-center space-y-4"
        >
          <p
            class="text-brand-200 text-sm"
          >
            Don't have an account?
          </p>
          <button
            class="inline-flex items-center justify-center gap-2 whitespace-nowrap rounded-md text-sm font-medium ring-offset-background transition-colors duration-300 ease-in-out focus-visible:outline-hidden focus-visible:ring-2 focus-visible:ring-ring focus-visible:ring-offset-2 disabled:pointer-events-none disabled:opacity-50 [&_svg]:pointer-events-none [&_svg]:size-4 [&_svg]:shrink-0 border bg-brand-700/80 hover:bg-brand-700 hover:text-accent-foreground h-10 px-4 py-2 w-full border-brand-400 text-brand-100"
          >
            Create Account
          </button>
        </div>
      </div>
    </div>
  </div>
</div>
`;
