// Jest Snapshot v1, https://goo.gl/fbAQLP

exports[`NotFound Page renders correctly 1`] = `
<div
  data-testid="auth-provider"
>
  <div
    class="min-h-screen flex items-center justify-center bg-gray-100"
  >
    <div
      class="text-center"
    >
      <h1
        class="text-4xl font-bold mb-4"
      >
        404
      </h1>
      <p
        class="text-xl text-gray-600 mb-4"
      >
        Oops! Page not found
      </p>
      <a
        class="text-blue-500 hover:text-blue-700 underline"
        href="/"
      >
        Return to Home
      </a>
    </div>
  </div>
</div>
`;
