// Jest Snapshot v1, https://goo.gl/fbAQLP

exports[`AncestryDetail Page renders correctly 1`] = `
<div
  data-testid="auth-provider"
>
  <div
    class="min-h-screen bg-nebula py-8 px-4"
  >
    <div
      class="max-w-4xl mx-auto"
    >
      <div
        class="mb-8"
      >
        <a
          href="/game-rules"
        >
          <button
            class="inline-flex items-center hover:cursor-pointer justify-center gap-2 whitespace-nowrap rounded-md text-sm font-medium ring-offset-background transition-colors duration-300 ease-in-out focus-visible:outline-hidden focus-visible:ring-2 focus-visible:ring-ring focus-visible:ring-offset-2 disabled:pointer-events-none disabled:opacity-50 [&_svg]:pointer-events-none [&_svg]:size-4 [&_svg]:shrink-0 hover:bg-accent h-10 px-4 py-2 text-purple-200 hover:text-white mb-4"
          >
            <svg
              aria-hidden="true"
              class="lucide lucide-arrow-left w-4 h-4 mr-2"
              fill="none"
              height="24"
              stroke="currentColor"
              stroke-linecap="round"
              stroke-linejoin="round"
              stroke-width="2"
              viewBox="0 0 24 24"
              width="24"
              xmlns="http://www.w3.org/2000/svg"
            >
              <path
                d="m12 19-7-7 7-7"
              />
              <path
                d="M19 12H5"
              />
            </svg>
            Back to Game Rules
          </button>
        </a>
        <div
          class="flex items-center gap-4 mb-4"
        >
          <div
            class="w-16 h-16 bg-linear-to-br from-yellow-400 to-orange-500 rounded-lg flex items-center justify-center"
          />
          <div>
            <h1
              class="text-4xl font-bold text-white"
            >
              Human
            </h1>
            <p
              class="text-xl text-purple-200"
            >
              Versatile and adaptable
            </p>
          </div>
        </div>
      </div>
      <div
        class="rounded-lg border text-card-foreground shadow-sm bg-gradient-to-br bg-linear-to-br from-slate-800/80 to-slate-900/80 border-purple-500/30 backdrop-blur-xs col-span-2"
      >
        <div
          class="flex flex-col space-y-1.5 p-6"
        >
          <h3
            class="text-2xl font-semibold leading-none tracking-tight text-white"
          >
            Ancestry Features
          </h3>
          <p
            class="text-sm text-purple-200"
          >
            Special abilities that define the 
            Human
             ancestry
          </p>
        </div>
        <div
          class="p-6 pt-0"
        >
          <div
            class="space-y-4"
          >
            <div>
              <h3
                class="text-lg font-semibold text-white mb-2"
              >
                Test Feature
              </h3>
              <p
                class="text-purple-200"
              >
                Test description
              </p>
            </div>
          </div>
        </div>
      </div>
      <div
        class="grid grid-cols-1 md:grid-cols-2 gap-6 mb-8"
      />
    </div>
  </div>
</div>
`;
