// Jest Snapshot v1, https://goo.gl/fbAQLP

exports[`ClassDetail Page renders correctly 1`] = `
<div
  data-testid="auth-provider"
>
  <div
    class="min-h-screen bg-nebula py-8 px-4"
  >
    <div
      class="max-w-4xl mx-auto"
    >
      <div
        class="mb-8"
      >
        <a
          href="/"
        >
          <button
            class="inline-flex items-center hover:cursor-pointer justify-center gap-2 whitespace-nowrap rounded-md text-sm font-medium ring-offset-background transition-colors duration-300 ease-in-out focus-visible:outline-hidden focus-visible:ring-2 focus-visible:ring-ring focus-visible:ring-offset-2 disabled:pointer-events-none disabled:opacity-50 [&_svg]:pointer-events-none [&_svg]:size-4 [&_svg]:shrink-0 bg-primary hover:bg-primary/90 h-10 px-4 py-2 text-purple-200 hover:text-white mb-4"
          >
            <svg
              aria-hidden="true"
              class="lucide lucide-arrow-left w-4 h-4 mr-2"
              fill="none"
              height="24"
              stroke="currentColor"
              stroke-linecap="round"
              stroke-linejoin="round"
              stroke-width="2"
              viewBox="0 0 24 24"
              width="24"
              xmlns="http://www.w3.org/2000/svg"
            >
              <path
                d="m12 19-7-7 7-7"
              />
              <path
                d="M19 12H5"
              />
            </svg>
            Go Back
          </button>
        </a>
        <div
          class="flex items-center gap-4 mb-4"
        >
          <div
            class="w-16 h-16 bg-linear-to-br from-yellow-400 to-orange-500 rounded-lg flex items-center justify-center"
          />
          <div>
            <h1
              class="text-4xl font-bold text-white"
            >
              Guardian
            </h1>
            <p
              class="text-xl text-purple-200"
            >
              Protector and defender
            </p>
          </div>
        </div>
      </div>
      <div
        class="grid grid-cols-1 md:grid-cols-2 gap-6 mb-8"
      >
        <div
          class="rounded-lg border text-card-foreground shadow-sm bg-gradient-to-br bg-linear-to-br from-slate-800/80 to-slate-900/80 border-purple-500/30 backdrop-blur-xs"
        >
          <div
            class="flex flex-col space-y-1.5 p-6"
          >
            <h3
              class="text-2xl font-semibold leading-none tracking-tight text-white"
            >
              Hit Points
            </h3>
          </div>
          <div
            class="p-6 pt-0"
          >
            <p
              class="text-purple-200"
            >
              10
            </p>
          </div>
        </div>
        <div
          class="rounded-lg border text-card-foreground shadow-sm bg-gradient-to-br bg-linear-to-br from-slate-800/80 to-slate-900/80 border-purple-500/30 backdrop-blur-xs"
        >
          <div
            class="flex flex-col space-y-1.5 p-6"
          >
            <h3
              class="text-2xl font-semibold leading-none tracking-tight text-white"
            >
              Evasion
            </h3>
          </div>
          <div
            class="p-6 pt-0"
          >
            <p
              class="text-purple-200"
            >
              10
            </p>
          </div>
        </div>
        <div
          class="rounded-lg border text-card-foreground shadow-sm bg-gradient-to-br bg-linear-to-br from-slate-800/80 to-slate-900/80 border-purple-500/30 backdrop-blur-xs"
        >
          <div
            class="flex flex-col space-y-1.5 p-6"
          >
            <h3
              class="text-2xl font-semibold leading-none tracking-tight text-white"
            >
              Available Domains
            </h3>
          </div>
          <div
            class="p-6 pt-0"
          >
            <div
              class="flex flex-wrap gap-1"
            >
              <div
                class="inline-flex items-center rounded-full border px-2.5 py-0.5 font-semibold transition-colors focus:outline-hidden focus:ring-2 focus:ring-ring focus:ring-offset-2 border-yellow-500/50 text-yellow-300 text-xs"
              >
                Protection
              </div>
            </div>
          </div>
        </div>
        <div
          class="rounded-lg border text-card-foreground shadow-sm bg-gradient-to-br bg-linear-to-br from-slate-800/80 to-slate-900/80 border-purple-500/30 backdrop-blur-xs"
        >
          <div
            class="flex flex-col space-y-1.5 p-6"
          >
            <h3
              class="text-2xl font-semibold leading-none tracking-tight text-white"
            >
              Class Items
            </h3>
          </div>
          <div
            class="p-6 pt-0"
          >
            <p
              class="text-purple-200"
            >
              Shield, Sword
            </p>
          </div>
        </div>
      </div>
      <div
        class="rounded-lg border text-card-foreground shadow-sm bg-gradient-to-br bg-linear-to-br from-slate-800/80 to-slate-900/80 border-purple-500/30 backdrop-blur-xs col-span-2"
      >
        <div
          class="flex flex-col space-y-1.5 p-6"
        >
          <h3
            class="text-2xl font-semibold leading-none tracking-tight text-white"
          >
            Class Features
          </h3>
          <p
            class="text-sm text-purple-200"
          >
            Special abilities that define the 
            Guardian
             class
          </p>
        </div>
        <div
          class="p-6 pt-0"
        >
          <div
            class="space-y-4"
          >
            <div>
              <h3
                class="text-lg font-semibold text-white mb-2"
              >
                Test Feature
              </h3>
              <p
                class="text-purple-200"
              >
                Test description
              </p>
            </div>
          </div>
        </div>
      </div>
      <div
        class="w-full mt-6"
        data-orientation="horizontal"
        dir="ltr"
      >
        <div
          aria-orientation="horizontal"
          class="inline-flex items-center rounded-md p-1 text-muted-foreground bg-[rebeccapurple] gap-2 w-full justify-evenly mb-8"
          data-orientation="horizontal"
          role="tablist"
          style="outline: none;"
          tabindex="0"
        >
          <button
            aria-controls="radix-«r0»-content-Armor"
            aria-selected="true"
            class="inline-flex items-center justify-center whitespace-nowrap rounded-sm px-3 py-1.5 text-sm font-medium ring-offset-background transition-all focus-visible:outline-hidden focus-visible:ring-2 focus-visible:ring-ring focus-visible:ring-offset-2 disabled:pointer-events-none disabled:opacity-50 hover:cursor-pointer data-[state=active]:shadow-xs data-[state=active]:text-white hover:bg-purple-600/75 duration-300 ease-in-out text-white data-[state=active]:bg-purple-600 flex-1 capitalize"
            data-orientation="horizontal"
            data-radix-collection-item=""
            data-state="active"
            id="radix-«r0»-trigger-Armor"
            role="tab"
            tabindex="-1"
            type="button"
          >
            Armor
             
          </button>
        </div>
        <div
          aria-labelledby="radix-«r0»-trigger-Armor"
          class="mt-2 ring-offset-background focus-visible:outline-hidden focus-visible:ring-2 focus-visible:ring-ring focus-visible:ring-offset-2 space-y-6"
          data-orientation="horizontal"
          data-state="active"
          id="radix-«r0»-content-Armor"
          role="tabpanel"
          style="animation-duration: 0s;"
          tabindex="0"
        >
          <div
            class="rounded-lg border text-card-foreground shadow-sm bg-gradient-to-br bg-linear-to-br from-slate-800/80 to-slate-900/80 border-purple-500/30 backdrop-blur-xs flex flex-col"
          >
            <div
              class="flex flex-col space-y-1.5 p-6"
            >
              <h3
                class="text-2xl font-semibold leading-none tracking-tight text-white"
              >
                Armor
              </h3>
            </div>
            <div
              class="p-6 pt-0"
            >
              <div
                class="space-y-4"
              >
                <div>
                  <h3
                    class="text-xl font-bold text-white mb-2 capitalize"
                  >
                    Foundation Features
                  </h3>
                  <div
                    class="text-white"
                  >
                    <p
                      class="inline-block"
                    >
                      <span
                        class="font-bold"
                      >
                        Foundation Feature
                        :
                      </span>
                       
                      Foundation description
                    </p>
                  </div>
                </div>
                <hr />
                <div>
                  <h3
                    class="text-lg font-semibold text-white mb-2 capitalize"
                  >
                    Specialization Features
                  </h3>
                  <div
                    class="text-white"
                  >
                    <p
                      class="inline-block"
                    >
                      <span
                        class="font-bold"
                      >
                        Specialization Feature
                        :
                      </span>
                       
                      Specialization description
                    </p>
                  </div>
                </div>
                <hr />
                <div>
                  <h3
                    class="text-lg font-semibold text-white mb-2 capitalize"
                  >
                    Mastery Features
                  </h3>
                  <div
                    class="text-white"
                  >
                    <p
                      class="inline-block"
                    >
                      <span
                        class="font-bold"
                      >
                        Mastery Feature
                        :
                      </span>
                       
                      Mastery description
                    </p>
                  </div>
                </div>
              </div>
            </div>
          </div>
        </div>
      </div>
    </div>
  </div>
</div>
`;
